server.ts(102,46): error TS2353: Object literal may only specify known properties, and 'id' does not exist in type 'Query<any, any, {}, unknown, "find", Record<string, never>>'.
server.ts(132,50): error TS2353: Object literal may only specify known properties, and 'driverId' does not exist in type 'Query<any, any, {}, unknown, "find", Record<string, never>>'.
server.ts(147,50): error TS2353: Object literal may only specify known properties, and 'id' does not exist in type 'Query<any, any, {}, unknown, "find", Record<string, never>>'.
server.ts(154,50): error TS2353: Object literal may only specify known properties, and 'id' does not exist in type 'Query<any, any, {}, unknown, "find", Record<string, never>>'.
server.ts(166,50): error TS2353: Object literal may only specify known properties, and 'id' does not exist in type 'Query<any, any, {}, unknown, "find", Record<string, never>>'.
server.ts(176,50): error TS2353: Object literal may only specify known properties, and 'id' does not exist in type 'Query<any, any, {}, unknown, "find", Record<string, never>>'.
server.ts(182,50): error TS2353: Object literal may only specify known properties, and 'id' does not exist in type 'Query<any, any, {}, unknown, "find", Record<string, never>>'.
server.ts(193,46): error TS2353: Object literal may only specify known properties, and 'id' does not exist in type 'Query<any, any, {}, unknown, "find", Record<string, never>>'.
server.ts(214,50): error TS2353: Object literal may only specify known properties, and 'id' does not exist in type 'Query<any, any, {}, unknown, "find", Record<string, never>>'.
server.ts(216,50): error TS2353: Object literal may only specify known properties, and 'id' does not exist in type 'Query<any, any, {}, unknown, "find", Record<string, never>>'.
server.ts(228,54): error TS2353: Object literal may only specify known properties, and 'isOnline' does not exist in type 'Query<any, any, {}, unknown, "find", Record<string, never>>'.
server.ts(252,42): error TS2353: Object literal may only specify known properties, and 'id' does not exist in type 'Query<any, any, {}, unknown, "find", Record<string, never>>'.
server.ts(257,51): error TS2769: No overload matches this call.
  The last overload gave the following error.
    Object literal may only specify known properties, and 'id' does not exist in type 'Query<any, any, {}, unknown, "find", Record<string, never>>'.
server.ts(263,7): error TS2769: No overload matches this call.
  The last overload gave the following error.
    Object literal may only specify known properties, and 'id' does not exist in type 'Query<any, any, {}, unknown, "find", Record<string, never>>'.
server.ts(272,7): error TS2769: No overload matches this call.
  The last overload gave the following error.
    Object literal may only specify known properties, and 'id' does not exist in type 'Query<any, any, {}, unknown, "find", Record<string, never>>'.
server.ts(283,9): error TS2769: No overload matches this call.
  The last overload gave the following error.
    Object literal may only specify known properties, and 'id' does not exist in type 'Query<any, any, {}, unknown, "find", Record<string, never>>'.
server.ts(296,56): error TS2353: Object literal may only specify known properties, and 'userId' does not exist in type 'Query<any, any, {}, unknown, "find", Record<string, never>>'.
server.ts(297,46): error TS2339: Property 'balance' does not exist on type 'ModifyResult<any>'.
server.ts(304,42): error TS2353: Object literal may only specify known properties, and 'id' does not exist in type 'Query<any, any, {}, unknown, "find", Record<string, never>>'.
server.ts(305,54): error TS2353: Object literal may only specify known properties, and 'userId' does not exist in type 'Query<any, any, {}, unknown, "find", Record<string, never>>'.
server.ts(390,48): error TS2353: Object literal may only specify known properties, and 'riderId' does not exist in type 'Query<any, any, {}, unknown, "find", Record<string, never>>'.
server.ts(418,50): error TS2353: Object literal may only specify known properties, and 'isOnline' does not exist in type 'Query<any, any, {}, unknown, "find", Record<string, never>>'.
server.ts(429,49): error TS2353: Object literal may only specify known properties, and 'id' does not exist in type 'Query<any, any, {}, unknown, "find", Record<string, never>>'.
server.ts(432,47): error TS2353: Object literal may only specify known properties, and 'isOnline' does not exist in type 'Query<any, any, {}, unknown, "find", Record<string, never>>'.
server.ts(432,112): error TS2353: Object literal may only specify known properties, and 'id' does not exist in type 'Query<any, any, {}, unknown, "find", Record<string, never>>'.
server.ts(454,48): error TS2353: Object literal may only specify known properties, and 'riderId' does not exist in type 'Query<any, any, {}, unknown, "find", Record<string, never>>'.
server.ts(457,49): error TS2353: Object literal may only specify known properties, and 'id' does not exist in type 'Query<any, any, {}, unknown, "find", Record<string, never>>'.
server.ts(463,48): error TS2353: Object literal may only specify known properties, and 'riderId' does not exist in type 'Query<any, any, {}, unknown, "find", Record<string, never>>'.
server.ts(469,45): error TS2353: Object literal may only specify known properties, and 'id' does not exist in type 'Query<any, any, {}, unknown, "find", Record<string, never>>'.
server.ts(481,48): error TS2353: Object literal may only specify known properties, and 'riderId' does not exist in type 'Query<any, any, {}, unknown, "find", Record<string, never>>'.
server.ts(487,43): error TS2353: Object literal may only specify known properties, and 'id' does not exist in type 'Query<any, any, {}, unknown, "find", Record<string, never>>'.
server.ts(504,49): error TS2769: No overload matches this call.
  The last overload gave the following error.
    Argument of type '{ id: any; riderId?: undefined; status?: undefined; } | { riderId: string; status: string; id?: undefined; }' is not assignable to parameter of type 'Query<any, any, {}, unknown, "find", Record<string, never>>'.
      Type '{ id: any; riderId?: undefined; status?: undefined; }' is missing the following properties from type 'Query<any, any, {}, unknown, "find", Record<string, never>>': _mongooseOptions, exec, $where, all, and 94 more.
server.ts(509,42): error TS2353: Object literal may only specify known properties, and 'riderId' does not exist in type 'Query<any, any, {}, unknown, "find", Record<string, never>>'.
server.ts(514,46): error TS2353: Object literal may only specify known properties, and 'rideId' does not exist in type 'Query<any, any, {}, unknown, "find", Record<string, never>>'.
server.ts(546,42): error TS2353: Object literal may only specify known properties, and 'id' does not exist in type 'Query<any, any, {}, unknown, "find", Record<string, never>>'.
server.ts(547,63): error TS2353: Object literal may only specify known properties, and 'id' does not exist in type 'Query<any, any, {}, unknown, "find", Record<string, never>>'.
server.ts(558,44): error TS2353: Object literal may only specify known properties, and 'rideId' does not exist in type 'Query<any, any, {}, unknown, "find", Record<string, never>>'.
server.ts(586,49): error TS2353: Object literal may only specify known properties, and 'rideId' does not exist in type 'Query<any, any, {}, unknown, "find", Record<string, never>>'.
server.ts(593,42): error TS2353: Object literal may only specify known properties, and 'id' does not exist in type 'Query<any, any, {}, unknown, "find", Record<string, never>>'.
server.ts(601,42): error TS2353: Object literal may only specify known properties, and 'riderId' does not exist in type 'Query<any, any, {}, unknown, "find", Record<string, never>>'.
server.ts(602,42): error TS2353: Object literal may only specify known properties, and 'id' does not exist in type 'Query<any, any, {}, unknown, "find", Record<string, never>>'.
